******************************************************************************
              TMS320C55x Linker PC v4.4.1                      
******************************************************************************
>> Linked Sun May 03 17:55:48 2020

OUTPUT FILE NAME:   <GEneratory.out>
ENTRY POINT SYMBOL: "_c_int00"  address: 000202de


MEMORY CONFIGURATION

         name            origin    length      used     unused   attr    fill
                        (bytes)   (bytes)    (bytes)   (bytes)
----------------------  --------  ---------  --------  --------  ----  --------
PAGE 0:
  MMR                   00000000   000000c0  00000000  000000c0  RWIX
  DARAM0                000000c0   0000ff40  00007e40  00008100  RWIX
  SARAM0                00010000   00010000  00000000  00010000  RWIX
  SARAM1                00020000   00020000  00000341  0001fcbf  RWIX
  SARAM2                00040000   0000fe00  0000005a  0000fda6  RWIX
  VECS                  0004fe00   00000200  00000100  00000100  RWIX
  PDROM                 00ff8000   00008000  00000000  00008000  R IX

PAGE 2:
  IOPORT                00000000   00020000  00000000  00020000  RWI 


SECTION ALLOCATION MAP
(Addresses surrounded by []'s are displayed for convenience only!)

output                                                          attributes/
section   page  orgn(bytes) orgn(words) len(bytes) len(words)   input sections
--------  ----  ----------- ----------- ---------- ----------   --------------
.pinit       0   [ 00040000 ]  00020000          *   00000000   UNINITIALIZED

.stack       0   [ 000000c0 ]  00000060          *   00001000   UNINITIALIZED
                 [ 000000c0 ]  00000060          *   00001000   --HOLE--

.data        0   [ 000000c0 ]  00000060          *   00000000   UNINITIALIZED

.sysstack 
*            0   [ 000020c0 ]  00001060          *   00000800   UNINITIALIZED
                 [ 000020c0 ]  00001060          *   00000800   --HOLE--

.bss         0   [ 000030c0 ]  00001860          *   0000271e   UNINITIALIZED
                 [ 000030c0 ]  00001860          *   00002716   main.obj (.bss)
                 [ 00007eec ]  00003f76          *   00000004   rts55x.lib : _lock.obj (.bss)
                 [ 00007ef4 ]  00003f7a          *   00000004              : exit.obj (.bss)

.const       0   [ 00007efc ]  00003f7e          *   00000002   
                 [ 00007efc ]  00003f7e          *   00000002   main.obj (.const)

.text        0     00020000  [ 00010000 ] 00000341          *   
                   00020000  [ 00010000 ] 00000208          *   main.obj (.text)
                   00020208  [ 00010104 ] 0000004d          *   rts55x.lib : autoinit.obj (.text)
                   00020255  [ 0001012a+] 0000004b          *              : args_main.obj (.text)
                   000202a0  [ 00010150 ] 0000003e          *              : exit.obj (.text)
                   000202de  [ 0001016f ] 00000034          *              : boot.obj (.text)
                   00020312  [ 00010189 ] 00000013          *              : lmpy.obj (.text)
                   00020325  [ 00010192+] 00000012          *              : _lock.obj (.text)
                   00020337  [ 0001019b+] 00000007          *              : exit.obj (.text:CIO_breakpoint)
                   0002033e  [ 0001019f ] 00000002          *              : vectors.obj (.text)
                   00020340  [ 000101a0 ] 00000001          *   --HOLE-- [fill = 20]

.cinit       0   [ 00040000 ]  00020000          *   0000002d   
                 [ 00040000 ]  00020000          *   00000018   main.obj (.cinit)
                 [ 00040030 ]  00020018          *   0000000a   rts55x.lib : _lock.obj (.cinit)
                 [ 00040044 ]  00020022          *   0000000a              : exit.obj (.cinit)
                 [ 00040058 ]  0002002c          *   00000001   --HOLE-- [fill = 0]

vectors      0     0004fe00  [ 00027f00 ] 00000100          *   
                   0004fe00  [ 00027f00 ] 00000100          *   rts55x.lib : vectors.obj (vectors)


GLOBAL SYMBOLS: SORTED ALPHABETICALLY BY Name 

abs. value/
byte addr   word addr   name
---------   ---------   ----
00000002                $TI_capability$C5500$CallingConvention
00000002                $TI_capability$C5500$MemoryModel
00000001                $TI_capability_requires_rev3
ffffffff                .bss
ffffffff                .data
ffffffff                .text
00020338                C$$EXIT
00020312                I$$LMPY
0004fe00                _Reset
            00001060    __STACK_END
00002000                __STACK_SIZE
00001000                __SYSSTACK_SIZE
00000001                __TI_args_main
ffffffff                ___binit__
ffffffff                ___bss__
ffffffff                ___c_args__
            00020000    ___cinit__
ffffffff                ___data__
ffffffff                ___edata__
ffffffff                ___end__
ffffffff                ___etext__
ffffffff                ___pinit__
ffffffff                ___text__
00020255                __args_main
            00003f7a    __cleanup_ptr
            00003f7c    __dtors_ptr
            00003f76    __lock
00020312                __mpyli
00020335                __nop
0002032d                __register_lock
00020325                __register_unlock
            00000060    __stack
            00001060    __sysstack
            00003f78    __unlock
00020337                _abort
00020208                _auto_init
000202de                _c_int00
            00003f7e    _d
            00002be8    _dsplib
000202a0                _exit
000201f2                _main
            00001860    _probki
00020043                _rect
00020000                _saw
000200f2                _sint
000200a5                _tri
ffffffff                binit
            00020000    cinit
ffffffff                edata
ffffffff                end
ffffffff                etext
ffffffff                pinit


GLOBAL SYMBOLS: SORTED BY Symbol Address 

abs. value/
byte addr   word addr   name
---------   ---------   ----
00000001                $TI_capability_requires_rev3
00000001                __TI_args_main
00000002                $TI_capability$C5500$CallingConvention
00000002                $TI_capability$C5500$MemoryModel
            00000060    __stack
00001000                __SYSSTACK_SIZE
00002000                __STACK_SIZE
            00001060    __STACK_END
            00001060    __sysstack
            00001860    _probki
            00002be8    _dsplib
            00003f76    __lock
            00003f78    __unlock
            00003f7a    __cleanup_ptr
            00003f7c    __dtors_ptr
            00003f7e    _d
00020000                _saw
00020043                _rect
000200a5                _tri
000200f2                _sint
000201f2                _main
00020208                _auto_init
00020255                __args_main
000202a0                _exit
000202de                _c_int00
00020312                I$$LMPY
00020312                __mpyli
00020325                __register_unlock
0002032d                __register_lock
00020335                __nop
00020337                _abort
00020338                C$$EXIT
            00020000    ___cinit__
            00020000    cinit
0004fe00                _Reset
ffffffff                .bss
ffffffff                .data
ffffffff                .text
ffffffff                ___binit__
ffffffff                ___bss__
ffffffff                ___c_args__
ffffffff                ___data__
ffffffff                ___edata__
ffffffff                ___end__
ffffffff                ___etext__
ffffffff                ___pinit__
ffffffff                ___text__
ffffffff                binit
ffffffff                edata
ffffffff                end
ffffffff                etext
ffffffff                pinit

[52 symbols]
